🤖 LocalCaptchaSolver: Starting reCAPTCHA v2 solving...
🔄 Starting comprehensive reCAPTCHA v2 solving...
1. Attempting simple checkbox click...
🖱️  Looking for reCAPTCHA checkbox...
✅ Found reCAPTCHA element with selector: iframe[src*="recaptcha/api2/anchor"]
   ⚠️  Checkbox click timed out, trying JavaScript click...
✅ Found reCAPTCHA element with selector: iframe[src*="google.com/recaptcha"]
   ⚠️  Checkbox click timed out, trying JavaScript click...
✅ Found reCAPTCHA element with selector: div[class*="recaptcha"]
   ⚠️  Checkbox click timed out, trying JavaScript click...
✅ Found reCAPTCHA element with selector: iframe[title*="recaptcha"]
   ⚠️  Checkbox click timed out, trying JavaScript click...
   1a. Checking for challenge after checkbox click (multiple attempts)...
   ⏳ No challenge detected yet (attempt 1/5)...
   ⏳ No challenge detected yet (attempt 2/5)...
   ⏳ No challenge detected yet (attempt 3/5)...
   ⏳ No challenge detected yet (attempt 4/5)...
2. Searching for reCAPTCHA iframes...
🔍 Found 3 iframes, searching for reCAPTCHA...
✅ Found reCAPTCHA iframe, attempting interaction...
✅ Found reCAPTCHA iframe, attempting interaction...
